../Core/Src/main.c:99:5:main	8	static
../Core/Src/main.c:185:6:SystemClock_Config	88	static
../Core/Src/main.c:232:13:MX_ADC1_Init	24	static
../Core/Src/main.c:279:13:MX_CAN_Init	8	static
../Core/Src/main.c:316:13:MX_I2C1_Init	8	static
../Core/Src/main.c:350:13:MX_I2C2_Init	8	static
../Core/Src/main.c:384:13:MX_TIM1_Init	80	static
../Core/Src/main.c:449:13:MX_TIM2_Init	48	static
../Core/Src/main.c:498:13:MX_TIM3_Init	48	static
../Core/Src/main.c:547:13:MX_USART2_UART_Init	8	static
../Core/Src/main.c:578:13:MX_DMA_Init	16	static
../Core/Src/main.c:605:13:MX_GPIO_Init	40	static
../Core/Src/main.c:675:6:StartDefaultTask	16	static
../Core/Src/main.c:686:6:Error_Handler	4	static,ignoring_inline_asm
